[2026-03-12 13:55:05] === 洞见系统优化任务开始 ===
🧠 神经元洞见系统 v1.0 启动
📊 状态: {'run_time': '2026-03-12T13:55:05.084771', 'fragments_processed': 0, 'total_insights': 0, 'connections': 0, 'run_count': 1}
✅ 运行完成
[2026-03-12 13:55:05] 💭 反思环节...
[2026-03-12 13:55:05] 📊 运行次数: 2, 洞见数: 0
[2026-03-12 13:55:05] ⚠️ 洞见较少，可能需要调整阈值或输入源
[2026-03-12 13:55:05] ✅ 优化完成

[2026-03-12 13:57:55] === 洞见系统优化任务开始 ===
🧠 神经元洞见系统 v1.0 启动
📥 读取记忆碎片...
📊 状态: {'run_time': '2026-03-12T13:57:55.146251', 'fragments_processed': 0, 'new_fragments': 0, 'total_insights': 28, 'connections': 0, 'run_count': 3}
✅ 运行完成
[2026-03-12 13:57:55] 💭 反思环节...
[2026-03-12 13:57:55] 📊 运行次数: 4, 洞见数: 28
[2026-03-12 13:57:55] ✅ 优化完成

[2026-03-12 14:53:46] === 洞见系统优化任务开始 ===
🧠 神经元洞见系统 v1.0 启动
📥 读取消息队列...
   读取到 1 条消息
📥 读取记忆碎片...
📊 状态: {'run_time': '2026-03-12T14:53:46.294023', 'fragments_processed': 0, 'new_fragments': 0, 'total_insights': 36, 'connections': 2, 'run_count': 9}
✅ 运行完成
[2026-03-12 14:53:46] 💭 反思环节...
[2026-03-12 14:53:46] 📊 运行次数: 10, 洞见数: 36
[2026-03-12 14:53:46] ✅ 优化完成

[2026-03-12 15:00:01] === 洞见系统优化任务开始 ===
🧠 神经元洞见系统 v1.0 启动
📥 读取消息队列...
   读取到 1 条消息
📥 读取记忆碎片...
📊 状态: {'run_time': '2026-03-12T15:00:01.626205', 'fragments_processed': 0, 'new_fragments': 0, 'total_insights': 36, 'connections': 2, 'run_count': 10}
✅ 运行完成
[2026-03-12 15:00:01] 💭 反思环节...
[2026-03-12 15:00:01] 📊 运行次数: 11, 洞见数: 36
[2026-03-12 15:00:01] ✅ 优化完成

[2026-03-12 15:31:22] === 洞见系统优化任务开始 ===
🧠 神经元洞见系统 v1.0 启动
📥 读取消息队列...
   读取到 1 条消息
📥 读取记忆碎片...
📊 状态: {'run_time': '2026-03-12T15:31:22.622417', 'fragments_processed': 5, 'new_fragments': 0, 'total_insights': 40, 'connections': 3, 'run_count': 12}
💡 产生 1 个洞见/强化
   - reinforce: ### 工作模式 - 主会话：用 `message_queue.py add` 手动加入关键对话 -
✅ 运行完成
[2026-03-12 15:31:22] 💭 反思环节...
[2026-03-12 15:31:22] 📊 运行次数: 13, 洞见数: 40
[2026-03-12 15:31:22] ✅ 优化完成

[2026-03-12 17:59:04] === 洞见系统优化任务开始 ===
🧠 神经元洞见系统 v1.0 启动
📥 读取消息队列...
   读取到 1 条消息
📥 读取记忆碎片...
📊 状态: {'run_time': '2026-03-12T17:59:04.550643', 'fragments_processed': 5, 'new_fragments': 0, 'total_insights': 43, 'connections': 5, 'run_count': 16}
💡 产生 2 个洞见/强化
   - reinforce: ### 下一步任务 1. 建立提示词攻击模式库 2. 实现实时检测模块 3. 打通防御与洞见的闭环 
   - reinforce: ### 技能缺口检查 - [ ] 提示词攻防模块未接入 - [ ] 攻击模式库待建立 - [ ] 与
✅ 运行完成
[2026-03-12 17:59:04] 💭 反思环节...
[2026-03-12 17:59:04] 📊 运行次数: 17, 洞见数: 43
[2026-03-12 17:59:04] ✅ 优化完成

[2026-03-12 18:00:01] === 洞见系统优化任务开始 ===
🧠 神经元洞见系统 v1.0 启动
📥 读取消息队列...
   读取到 1 条消息
📥 读取记忆碎片...
📊 状态: {'run_time': '2026-03-12T18:00:01.810336', 'fragments_processed': 0, 'new_fragments': 0, 'total_insights': 43, 'connections': 5, 'run_count': 17}
✅ 运行完成
[2026-03-12 18:00:01] 💭 反思环节...
[2026-03-12 18:00:01] 📊 运行次数: 18, 洞见数: 43
[2026-03-12 18:00:01] ✅ 优化完成

[2026-03-12 20:31:45] === 洞见系统优化任务开始 ===
🧠 神经元洞见系统 v1.0 启动
📥 读取消息队列...
   读取到 1 条消息
📥 读取记忆碎片...
📊 状态: {'run_time': '2026-03-12 20:31:45', 'fragments_processed': 0, 'new_fragments': 0, 'total_insights': 49, 'connections': 5, 'run_count': 27}
✅ 运行完成
[2026-03-12 20:31:45] 💭 反思环节...
[2026-03-12 20:31:45] 📊 运行次数: 27, 洞见数: 49
[2026-03-12 20:31:45] ✅ 优化完成

[2026-03-12 21:00:01] === 洞见系统优化任务开始 ===
🧠 神经元洞见系统 v1.0 启动
📥 读取消息队列...
   读取到 1 条消息
📥 读取记忆碎片...
📊 状态: {'run_time': '2026-03-12T21:00:01.998859', 'fragments_processed': 0, 'new_fragments': 0, 'total_insights': 49, 'connections': 5, 'run_count': 28}
✅ 运行完成
[2026-03-12 21:00:01] 💭 反思环节...
[2026-03-12 21:00:01] 📊 运行次数: 29, 洞见数: 49
[2026-03-12 21:00:01] ✅ 优化完成

[2026-03-13 00:00:01] === 洞见系统优化任务开始 ===
🧠 神经元洞见系统 v1.0 启动
📥 读取消息队列...
   读取到 1 条消息
📥 读取记忆碎片...
📊 状态: {'run_time': '2026-03-13T00:00:01.227934', 'fragments_processed': 0, 'new_fragments': 0, 'total_insights': 52, 'connections': 5, 'run_count': 34}
✅ 运行完成
[2026-03-13 00:00:01] 💭 反思环节...
[2026-03-13 00:00:01] 📊 运行次数: 35, 洞见数: 52
[2026-03-13 00:00:01] ✅ 优化完成

[2026-03-13 01:34:23] 💭 反思环节...
[2026-03-13 01:34:23] 📊 运行次数: 40, 洞见数: 60, 连接数: 5
[2026-03-13 01:34:23] ✅ 优化完成
